rajani_net@Azure:~/videowebapp$ dotnet run
info: Microsoft.AspNetCore.DataProtection.KeyManagement.XmlKeyManager[0]
      User profile is available. Using '/home/rajani_net/.aspnet/DataProtection-Keys' as key repository; keys will not be encrypted at rest.
Hosting environment: Development
Content root path: /home/rajani_net/videowebapp
Now listening on: https://localhost:5001
Now listening on: http://localhost:5000
Application started. Press Ctrl+C to shut down.


rajani_net@Azure:~/videowebapp$ az version
{
  "azure-cli": "2.7.0",
  "azure-cli-command-modules-nspkg": "2.0.3",
  "azure-cli-core": "2.7.0",
  "azure-cli-nspkg": "3.0.4",
  "azure-cli-telemetry": "1.0.4",
  "extensions": {}
}

rajani_net@Azure:~/videowebapp$ ll
total 56
drwxr-xr-x 9 rajani_net rajani_net 4096 Jun  8 14:23 ./
drwxr-xr-x 9 rajani_net rajani_net 4096 Jun  8 15:46 ../
-rw-r--r-- 1 rajani_net rajani_net  146 Jun  8 14:15 appsettings.Development.json
-rw-r--r-- 1 rajani_net rajani_net  105 Jun  8 14:15 appsettings.json
drwxr-xr-x 3 rajani_net rajani_net 4096 Jun  8 14:23 bin/
drwxr-xr-x 2 rajani_net rajani_net 4096 Jun  8 14:15 Controllers/
drwxr-xr-x 2 rajani_net rajani_net 4096 Jun  8 14:15 Models/
drwxr-xr-x 3 rajani_net rajani_net 4096 Jun  8 14:23 obj/
-rw-r--r-- 1 rajani_net rajani_net  648 Jun  8 14:22 Program.cs
drwxr-xr-x 2 rajani_net rajani_net 4096 Jun  8 14:15 Properties/
-rw-r--r-- 1 rajani_net rajani_net 2201 Jun  8 14:15 Startup.cs
-rw-r--r-- 1 rajani_net rajani_net  508 Jun  8 14:17 videowebapp.csproj
drwxr-xr-x 4 rajani_net rajani_net 4096 Jun  8 14:15 Views/
drwxr-xr-x 5 rajani_net rajani_net 4096 Jun  8 14:15 wwwroot/
rajani_net@Azure:~/videowebapp$ cat appsettings.Development.json
{
  "Logging": {
    "LogLevel": {
      "Default": "Debug",
      "System": "Information",
      "Microsoft": "Information"
    }
  }
}
rajani_net@Azure:~/videowebapp$ cat appsettings.json
{
  "Logging": {
    "LogLevel": {
      "Default": "Warning"
    }
  },
  "AllowedHosts": "*"
}
rajani_net@Azure:~/videowebapp$ ll controllers/
ls: cannot access 'controllers/': No such file or directory
rajani_net@Azure:~/videowebapp$ ll Controllers/
total 12
drwxr-xr-x 2 rajani_net rajani_net 4096 Jun  8 14:15 ./
drwxr-xr-x 9 rajani_net rajani_net 4096 Jun  8 14:23 ../
-rw-r--r-- 1 rajani_net rajani_net  744 Jun  8 14:15 HomeController.cs
rajani_net@Azure:~/videowebapp$ cat Controllers/HomeController.cs
﻿using System;
using System.Collections.Generic;
using System.Diagnostics;
using System.Linq;
using System.Threading.Tasks;
using Microsoft.AspNetCore.Mvc;
using videowebapp.Models;

namespace videowebapp.Controllers
{
    public class HomeController : Controller
    {
        public IActionResult Index()
        {
            return View();
        }

        public IActionResult Privacy()
        {
            return View();
        }

        [ResponseCache(Duration = 0, Location = ResponseCacheLocation.None, NoStore = true)]
        public IActionResult Error()
        {
            return View(new ErrorViewModel { RequestId = Activity.Current?.Id ?? HttpContext.TraceIdentifier });
        }
    }
}
rajani_net@Azure:~/videowebapp$ ll Models/
total 12
drwxr-xr-x 2 rajani_net rajani_net 4096 Jun  8 14:15 ./
drwxr-xr-x 9 rajani_net rajani_net 4096 Jun  8 14:23 ../
-rw-r--r-- 1 rajani_net rajani_net  219 Jun  8 14:15 ErrorViewModel.cs
rajani_net@Azure:~/videowebapp$ cat Models/ErrorViewModel.cs
using System;

namespace videowebapp.Models
{
    public class ErrorViewModel
    {
        public string RequestId { get; set; }

        public bool ShowRequestId => !string.IsNullOrEmpty(RequestId);
    }
}rajani_net@Azure:~/videowebapp$ cat Program.cs
using System;
using System.Collections.Generic;
using System.IO;
using System.Linq;
using System.Threading.Tasks;
using Microsoft.AspNetCore;
using Microsoft.AspNetCore.Hosting;
using Microsoft.Extensions.Configuration;
using Microsoft.Extensions.Logging;

namespace videowebapp
{
    public class Program
    {
        public static void Main(string[] args)
        {
            CreateWebHostBuilder(args).Build().Run();
        }

        public static IWebHostBuilder CreateWebHostBuilder(string[] args) =>
            WebHost.CreateDefaultBuilder(args)
                .UseStartup<Startup>()
                .UseApplicationInsights();
    }
}
rajani_net@Azure:~/videowebapp$ cat Startup.cs
﻿using System;
using System.Collections.Generic;
using System.Linq;
using System.Threading.Tasks;
using Microsoft.AspNetCore.Builder;
using Microsoft.AspNetCore.Hosting;
using Microsoft.AspNetCore.Http;
using Microsoft.AspNetCore.HttpsPolicy;
using Microsoft.AspNetCore.Mvc;
using Microsoft.Extensions.Configuration;
using Microsoft.Extensions.DependencyInjection;

namespace videowebapp
{
    public class Startup
    {
        public Startup(IConfiguration configuration)
        {
            Configuration = configuration;
        }

        public IConfiguration Configuration { get; }

        // This method gets called by the runtime. Use this method to add services to the container.
        public void ConfigureServices(IServiceCollection services)
        {
            services.Configure<CookiePolicyOptions>(options =>
            {
                // This lambda determines whether user consent for non-essential cookies is needed for a given request.
                options.CheckConsentNeeded = context => true;
                options.MinimumSameSitePolicy = SameSiteMode.None;
            });


            services.AddMvc().SetCompatibilityVersion(CompatibilityVersion.Version_2_2);
        }

        // This method gets called by the runtime. Use this method to configure the HTTP request pipeline.
        public void Configure(IApplicationBuilder app, IHostingEnvironment env)
        {
            if (env.IsDevelopment())
            {
                app.UseDeveloperExceptionPage();
            }
            else
            {
                app.UseExceptionHandler("/Home/Error");
                // The default HSTS value is 30 days. You may want to change thisfor production scenarios, see https://aka.ms/aspnetcore-hsts.
                app.UseHsts();
            }

            app.UseHttpsRedirection();
            app.UseStaticFiles();
            app.UseCookiePolicy();

            app.UseMvc(routes =>
            {
                routes.MapRoute(
                    name: "default",
                    template: "{controller=Home}/{action=Index}/{id?}");
            });
        }
    }
}
rajani_net@Azure:~/videowebapp$ ll Views
total 24
drwxr-xr-x 4 rajani_net rajani_net 4096 Jun  8 14:15 ./
drwxr-xr-x 9 rajani_net rajani_net 4096 Jun  8 14:23 ../
drwxr-xr-x 2 rajani_net rajani_net 4096 Jun  8 14:15 Home/
drwxr-xr-x 2 rajani_net rajani_net 4096 Jun  8 14:15 Shared/
-rw-r--r-- 1 rajani_net rajani_net  104 Jun  8 14:15 _ViewImports.cshtml
-rw-r--r-- 1 rajani_net rajani_net   35 Jun  8 14:15 _ViewStart.cshtml
rajani_net@Azure:~/videowebapp$ ll Views/Home/
total 16
drwxr-xr-x 2 rajani_net rajani_net 4096 Jun  8 14:15 ./
drwxr-xr-x 4 rajani_net rajani_net 4096 Jun  8 14:15 ../
-rw-r--r-- 1 rajani_net rajani_net  239 Jun  8 14:15 Index.cshtml
-rw-r--r-- 1 rajani_net rajani_net  144 Jun  8 14:15 Privacy.cshtml
rajani_net@Azure:~/videowebapp$ ll Views/Home/Index.cshtml
-rw-r--r-- 1 rajani_net rajani_net 239 Jun  8 14:15 Views/Home/Index.cshtml
rajani_net@Azure:~/videowebapp$ cat Views/Home/Index.cshtml
﻿@{
    ViewData["Title"] = "Home Page";
}

<div class="text-center">
    <h1 class="display-4">Welcome</h1>
    <p>Learn about <a href="https://docs.microsoft.com/aspnet/core">building Web apps with ASP.NET Core</a>.</p>
</div>
rajani_net@Azure:~/videowebapp$ cat Views/Home/Privacy.cshtml
﻿@{
    ViewData["Title"] = "Privacy Policy";
}
<h1>@ViewData["Title"]</h1>

<p>Use this page to detail your site's privacy policy.</p>
rajani_net@Azure:~/videowebapp$ ll Views/Shared/
total 24
drwxr-xr-x 2 rajani_net rajani_net 4096 Jun  8 14:15 ./
drwxr-xr-x 4 rajani_net rajani_net 4096 Jun  8 14:15 ../
-rw-r--r-- 1 rajani_net rajani_net 1054 Jun  8 14:15 _CookieConsentPartial.cshtml
-rw-r--r-- 1 rajani_net rajani_net  884 Jun  8 14:15 Error.cshtml
-rw-r--r-- 1 rajani_net rajani_net 3780 Jun  8 14:15 _Layout.cshtml
-rw-r--r-- 1 rajani_net rajani_net 1147 Jun  8 14:15 _ValidationScriptsPartial.cshtml
rajani_net@Azure:~/videowebapp$ ll Views/Shared/_CookieConsentPartial.cshtml
-rw-r--r-- 1 rajani_net rajani_net 1054 Jun  8 14:15 Views/Shared/_CookieConsentPartial.cshtml
rajani_net@Azure:~/videowebapp$ cat Views/Shared/_CookieConsentPartial.cshtml
﻿@using Microsoft.AspNetCore.Http.Features

@{
    var consentFeature = Context.Features.Get<ITrackingConsentFeature>();
    var showBanner = !consentFeature?.CanTrack ?? false;
    var cookieString = consentFeature?.CreateConsentCookie();
}

@if (showBanner)
{
    <div id="cookieConsent" class="alert alert-info alert-dismissible fade show" role="alert">
        Use this space to summarize your privacy and cookie use policy. <a asp-area="" asp-controller="Home" asp-action="Privacy">Learn More</a>.
        <button type="button" class="accept-policy close" data-dismiss="alert" aria-label="Close" data-cookie-string="@cookieString">
            <span aria-hidden="true">Accept</span>
        </button>
    </div>
    <script>
        (function () {
            var button = document.querySelector("#cookieConsent button[data-cookie-string]");
            button.addEventListener("click", function (event) {
                document.cookie = button.dataset.cookieString;
            }, false);
        })();
    </script>
}
rajani_net@Azure:~/videowebapp$ cat Views/Shared/Error.cshtml
﻿@model ErrorViewModel
@{
    ViewData["Title"] = "Error";
}

<h1 class="text-danger">Error.</h1>
<h2 class="text-danger">An error occurred while processing your request.</h2>

@if (Model.ShowRequestId)
{
    <p>
        <strong>Request ID:</strong> <code>@Model.RequestId</code>
    </p>
}

<h3>Development Mode</h3>
<p>
    Swapping to <strong>Development</strong> environment will display more detailed information about the error that occurred.
</p>
<p>
    <strong>The Development environment shouldn't be enabled for deployed applications.</strong>
    It can result in displaying sensitive information from exceptions to end users.
    For local debugging, enable the <strong>Development</strong> environment by setting the <strong>ASPNETCORE_ENVIRONMENT</strong> environment variable to <strong>Development</strong>
    and restarting the app.
</p>
rajani_net@Azure:~/videowebapp$ cat Views/Shared/_Layout.cshtml
﻿<!DOCTYPE html>
<html>
<head>
    <meta charset="utf-8" />
    <meta name="viewport" content="width=device-width, initial-scale=1.0" />
    <title>@ViewData["Title"] - videowebapp</title>

    <environment include="Development">
        <link rel="stylesheet" href="~/lib/bootstrap/dist/css/bootstrap.css" />
    </environment>
    <environment exclude="Development">
        <link rel="stylesheet" href="https://stackpath.bootstrapcdn.com/bootstrap/4.3.1/css/bootstrap.min.css"
              asp-fallback-href="~/lib/bootstrap/dist/css/bootstrap.min.css"
              asp-fallback-test-class="sr-only" asp-fallback-test-property="position" asp-fallback-test-value="absolute"
              crossorigin="anonymous"
              integrity="sha384-ggOyR0iXCbMQv3Xipma34MD+dH/1fQ784/j6cY/iJTQUOhcWr7x9JvoRxT2MZw1T"/>
    </environment>
    <link rel="stylesheet" href="~/css/site.css" />
</head>
<body>
    <header>
        <nav class="navbar navbar-expand-sm navbar-toggleable-sm navbar-light bg-white border-bottom box-shadow mb-3">
            <div class="container">
                <a class="navbar-brand" asp-area="" asp-controller="Home" asp-action="Index">videowebapp</a>
                <button class="navbar-toggler" type="button" data-toggle="collapse" data-target=".navbar-collapse" aria-controls="navbarSupportedContent"
                        aria-expanded="false" aria-label="Toggle navigation">
                    <span class="navbar-toggler-icon"></span>
                </button>
                <div class="navbar-collapse collapse d-sm-inline-flex flex-sm-row-reverse">
                    <ul class="navbar-nav flex-grow-1">
                        <li class="nav-item">
                            <a class="nav-link text-dark" asp-area="" asp-controller="Home" asp-action="Index">Home</a>
                        </li>
                        <li class="nav-item">
                            <a class="nav-link text-dark" asp-area="" asp-controller="Home" asp-action="Privacy">Privacy</a>
                        </li>
                    </ul>
                </div>
            </div>
        </nav>
    </header>
    <div class="container">
        <partial name="_CookieConsentPartial" />
        <main role="main" class="pb-3">
            @RenderBody()
        </main>
    </div>

    <footer class="border-top footer text-muted">
        <div class="container">
            &copy; 2020 - videowebapp - <a asp-area="" asp-controller="Home" asp-action="Privacy">Privacy</a>
        </div>
    </footer>

    <environment include="Development">
        <script src="~/lib/jquery/dist/jquery.js"></script>
        <script src="~/lib/bootstrap/dist/js/bootstrap.bundle.js"></script>
    </environment>
    <environment exclude="Development">
        <script src="https://cdnjs.cloudflare.com/ajax/libs/jquery/3.3.1/jquery.min.js"
                asp-fallback-src="~/lib/jquery/dist/jquery.min.js"
                asp-fallback-test="window.jQuery"
                crossorigin="anonymous"
                integrity="sha256-FgpCb/KJQlLNfOu91ta32o/NMZxltwRo8QtmkMRdAu8=">
        </script>
        <script src="https://stackpath.bootstrapcdn.com/bootstrap/4.3.1/js/bootstrap.bundle.min.js"
                asp-fallback-src="~/lib/bootstrap/dist/js/bootstrap.bundle.min.js"
                asp-fallback-test="window.jQuery && window.jQuery.fn && window.jQuery.fn.modal"
                crossorigin="anonymous"
                integrity="sha384-xrRywqdh3PHs8keKZN+8zzc5TX0GRTLCcmivcbNJWm2rs5C8PRhcEn3czEjhAO9o">
        </script>
    </environment>
    <script src="~/js/site.js" asp-append-version="true"></script>

    @RenderSection("Scripts", required: false)
</body>
</html>
rajani_net@Azure:~/videowebapp$ cat Views/Shared/_ValidationScriptsPartial.cshtml
<environment include="Development">
    <script src="~/lib/jquery-validation/dist/jquery.validate.js"></script>
    <script src="~/lib/jquery-validation-unobtrusive/jquery.validate.unobtrusive.js"></script>
</environment>
<environment exclude="Development">
    <script src="https://cdnjs.cloudflare.com/ajax/libs/jquery-validate/1.17.0/jquery.validate.min.js"
            asp-fallback-src="~/lib/jquery-validation/dist/jquery.validate.min.js"
            asp-fallback-test="window.jQuery && window.jQuery.validator"
            crossorigin="anonymous"
            integrity="sha256-F6h55Qw6sweK+t7SiOJX+2bpSAa3b/fnlrVCJvmEj1A=">
    </script>
    <script src="https://cdnjs.cloudflare.com/ajax/libs/jquery-validation-unobtrusive/3.2.11/jquery.validate.unobtrusive.min.js"
            asp-fallback-src="~/lib/jquery-validation-unobtrusive/jquery.validate.unobtrusive.min.js"
            asp-fallback-test="window.jQuery && window.jQuery.validator && window.jQuery.validator.unobtrusive"
            crossorigin="anonymous"
            integrity="sha256-9GycpJnliUjJDVDqP0UEu/bsm9U+3dnQUH8+3W10vkY=">
    </script>
</environment>
rajani_net@Azure:~/videowebapp$ cat Views/_ViewImports.cshtml
﻿@using videowebapp
@using videowebapp.Models
@addTagHelper *, Microsoft.AspNetCore.Mvc.TagHelpers
rajani_net@Azure:~/videowebapp$ cat Views/_ViewStart.cshtml
﻿@{
    Layout = "_Layout";
}
rajani_net@Azure:~/videowebapp$ ll wwwroot/
total 52
drwxr-xr-x 5 rajani_net rajani_net  4096 Jun  8 14:15 ./
drwxr-xr-x 9 rajani_net rajani_net  4096 Jun  8 14:23 ../
drwxr-xr-x 2 rajani_net rajani_net  4096 Jun  8 14:15 css/
-rw-r--r-- 1 rajani_net rajani_net 32038 Jun  8 14:15 favicon.ico
drwxr-xr-x 2 rajani_net rajani_net  4096 Jun  8 14:15 js/
drwxr-xr-x 6 rajani_net rajani_net  4096 Jun  8 14:15 lib/
rajani_net@Azure:~/videowebapp$ ll wwwroot/css/
total 12
drwxr-xr-x 2 rajani_net rajani_net 4096 Jun  8 14:15 ./
drwxr-xr-x 5 rajani_net rajani_net 4096 Jun  8 14:15 ../
-rw-r--r-- 1 rajani_net rajani_net 1163 Jun  8 14:15 site.css
rajani_net@Azure:~/videowebapp$ cat wwwroot/css/site.css
﻿/* Please see documentation at https://docs.microsoft.com/aspnet/core/client-sid/bundling-and-minification
for details on configuring this project to bundle and minify static web assets. */

a.navbar-brand {
  white-space: normal;
  text-align: center;
  word-break: break-all;
}

/* Sticky footer styles
-------------------------------------------------- */
html {
  font-size: 14px;
}
@media (min-width: 768px) {
  html {
    font-size: 16px;
  }
}

.border-top {
  border-top: 1px solid #e5e5e5;
}
.border-bottom {
  border-bottom: 1px solid #e5e5e5;
}

.box-shadow {
  box-shadow: 0 .25rem .75rem rgba(0, 0, 0, .05);
}

button.accept-policy {
  font-size: 1rem;
  line-height: inherit;
}

/* Sticky footer styles
-------------------------------------------------- */
html {
  position: relative;
  min-height: 100%;
}

body {
  /* Margin bottom by footer height */
  margin-bottom: 60px;
}
.footer {
  position: absolute;
  bottom: 0;
  width: 100%;
  white-space: nowrap;
  /* Set the fixed height of the footer here */
  height: 60px;
  line-height: 60px; /* Vertically center the text there */
}
rajani_net@Azure:~/videowebapp$ ll wwwroot/js/
total 12
drwxr-xr-x 2 rajani_net rajani_net 4096 Jun  8 14:15 ./
drwxr-xr-x 5 rajani_net rajani_net 4096 Jun  8 14:15 ../
-rw-r--r-- 1 rajani_net rajani_net  230 Jun  8 14:15 site.js
rajani_net@Azure:~/videowebapp$ cat wwwroot/js/site.js
﻿// Please see documentation at https://docs.microsoft.com/aspnet/core/client-sid/bundling-and-minification
// for details on configuring this project to bundle and minify static web assets.

// Write your JavaScript code.
rajani_net@Azure:~/videowebapp$ ll wwwroot/lib/
total 24
drwxr-xr-x 6 rajani_net rajani_net 4096 Jun  8 14:15 ./
drwxr-xr-x 5 rajani_net rajani_net 4096 Jun  8 14:15 ../
drwxr-xr-x 3 rajani_net rajani_net 4096 Jun  8 14:15 bootstrap/
drwxr-xr-x 3 rajani_net rajani_net 4096 Jun  8 14:15 jquery/
drwxr-xr-x 3 rajani_net rajani_net 4096 Jun  8 14:15 jquery-validation/
drwxr-xr-x 2 rajani_net rajani_net 4096 Jun  8 14:15 jquery-validation-unobtrusive/
rajani_net@Azure:~/videowebapp$ ll wwwroot/lib/bootstrap/
total 16
drwxr-xr-x 3 rajani_net rajani_net 4096 Jun  8 14:15 ./
drwxr-xr-x 6 rajani_net rajani_net 4096 Jun  8 14:15 ../
drwxr-xr-x 4 rajani_net rajani_net 4096 Jun  8 14:15 dist/
-rw-r--r-- 1 rajani_net rajani_net 1153 Jun  8 14:15 LICENSE
rajani_net@Azure:~/videowebapp$ ll wwwroot/lib/bootstrap/dist/
total 16
drwxr-xr-x 4 rajani_net rajani_net 4096 Jun  8 14:15 ./
drwxr-xr-x 3 rajani_net rajani_net 4096 Jun  8 14:15 ../
drwxr-xr-x 2 rajani_net rajani_net 4096 Jun  8 14:15 css/
drwxr-xr-x 2 rajani_net rajani_net 4096 Jun  8 14:15 js/